python : Creating test database for alias 'default'...
At line:1 char:89
+ ... s\activate.ps1; python manage.py test > test_output2.txt 2>&1; Get-Co ...
+                     ~~~~~~~~~~~~~~~~~~~~~~~~~~~~~~~~~~~~~~~~~~~~~
    + CategoryInfo          : NotSpecified: (Creating test d...as 'default'...:String) [], RemoteException
    + FullyQualifiedErrorId : NativeCommandError
 

F......
======================================================================
FAIL: test_enquiry_form_submission (core.tests.VirukshaTests.test_enquiry_form_submission)
----------------------------------------------------------------------
Traceback (most recent call last):
  File "C:\Users\Gokul\Desktop\Viruksha\core\tests.py", line 107, in test_enquiry_form_submission
    self.assertContains(response, "Thank you")
    ~~~~~~~~~~~~~~~~~~~^^^^^^^^^^^^^^^^^^^^^^^
AssertionError: False is not true : Couldn't find 'Thank you' in the following response
b'\n<!DOCTYPE html>\n<html lang="en">\n<head>\n    <meta charset="utf-8"/>\n    <meta content="width=device-width, 
initial-scale=1.0" name="viewport"/>\n    <meta name="description" content="Viruksha Enterprises provides premium 
construction materials supply and professional construction services matching commercial guidelines."/>\n    <meta 
name="keywords" content="Viruksha Enterprises, construction materials, U-Clamps, GI Pipe Fittings, construction 
services, fasteners, safety equipment"/>\n    \n    <!-- Open Graph / Facebook -->\n    <meta property="og:type" 
content="website"/>\n    <meta property="og:title" content="Viruksha Test"/>\n    <meta property="og:description" 
content="Premium construction materials and end-to-end building construction services."/>\n    <meta 
property="og:image" content="https://lh3.googleusercontent.com/aida/AP1WRLvsM6ew2QaCRdCMjUHw09wV0E8oS_vTNWEtPh6OWrWwHRz
CzATzum-OS4bHe6rSyMYBt4B55Von61yaNiT4TScLVIRdnC_r4bWDcqCfbrIYJPzYHsNqcQu-PhzXGhU0SZWZiSEsh1NsiK90fz54_aEMqPoAnutxPO9OuE
JlJDTbELj9InqCzh9kiMJJC6d-UtrKtWZv3x-uj9GeUW2TwcR4-b8AW4iazKQs4o95M2JaLay43SeLRdg44Tg"/>\n\n    <!-- Twitter -->\n    
<meta property="twitter:card" content="summary_large_image"/>\n    <meta property="twitter:title" content="Viruksha 
Test"/>\n    <meta property="twitter:description" content="Premium construction materials and end-to-end building 
construction services."/>\n    \n    <title>Get In Touch | Viruksha Test</title>\n    <!-- Material Symbols -->\n    
<link href="https://fonts.googleapis.com/css2?family=Material+Symbols+Outlined:wght,FILL@100..700,0..1&display=swap" 
rel="stylesheet"/>\n    <!-- Google Fonts -->\n    <link 
href="https://fonts.googleapis.com/css2?family=Inter:wght@400;500;600&family=Montserrat:wght@600;700&display=swap" 
rel="stylesheet"/>\n    <!-- Tailwind CSS -->\n    <script 
src="https://cdn.tailwindcss.com?plugins=forms,container-queries"></script>\n    <script id="tailwind-config">\n       
 tailwind.config = {\n            darkMode: "class",\n            theme: {\n                extend: {\n                
    "colors": {\n                        "surface-container-highest": "#e4e2e1",\n                        
"on-tertiary-fixed": "#261905",\n                        "primary-container": "#1a2332",\n                        
"on-background": "#1b1c1c",\n                        "surface-dim": "#dcd9d9",\n                        
"on-primary-fixed-variant": "#3e4758",\n                        "tertiary-fixed-dim": "#dcc3a3",\n                     
   "on-secondary-fixed": "#291800",\n                        "surface-tint": "#565f70",\n                        
"on-secondary": "#ffffff",\n                        "error-container": "#ffdad6",\n                        
"inverse-on-surface": "#f3f0f0",\n                        "inverse-primary": "#bec7db",\n                        
"background": "#fcf9f8",\n                        "surface-container": "#f0eded",\n                        
"secondary-fixed-dim": "#ffb94e",\n                        "primary-fixed-dim": "#bec7db",\n                        
"on-primary": "#ffffff",\n                        "on-primary-container": "#818a9d",\n                        
"on-tertiary-container": "#9c866a",\n                        "outline-variant": "#c5c6cc",\n                        
"outline": "#75777d",\n                        "border-subtle": "#e0e0e0",\n                        
"on-secondary-container": "#724a00",\n                        "on-surface": "#1b1c1c",\n                        
"tertiary": "#150a00",\n                        "surface-variant": "#e4e2e1",\n                        
"tertiary-container": "#2e200b",\n                        "surface-container-lowest": "#ffffff",\n                     
   "secondary-container": "#ffb94e",\n                        "surface-white": "#ffffff",\n                        
"on-secondary-fixed-variant": "#624000",\n                        "surface-bright": "#fcf9f8",\n                       
 "on-tertiary-fixed-variant": "#55442c",\n                        "primary": "#040d1b",\n                        
"on-error": "#ffffff",\n                        "on-error-container": "#93000a",\n                        
"surface-container-high": "#eae7e7",\n                        "secondary-fixed": "#ffddb2",\n                        
"surface-alt": "#f5f5f5",\n                        "secondary": "#825500",\n                        "surface": 
"#fcf9f8",\n                        "tertiary-fixed": "#f9debe",\n                        "surface-container-low": 
"#f6f3f2",\n                        "primary-fixed": "#dae3f7",\n                        "on-primary-fixed": 
"#131c2a",\n                        "accent-hover": "#b87f21",\n                        "error": "#ba1a1a",\n          
              "on-tertiary": "#ffffff",\n                        "on-surface-variant": "#45474c",\n                    
    "inverse-surface": "#303030"\n                    },\n                    "borderRadius": {\n                      
  "DEFAULT": "0.125rem",\n                        "lg": "0.25rem",\n                        "xl": "0.5rem",\n          
              "full": "0.75rem"\n                    },\n                    "spacing": {\n                        
"base": "8px",\n                        "lg": "48px",\n                        "xs": "4px",\n                        
"container-max": "1600px",\n                        "xl": "80px",\n                        "md": "24px",\n             
           "sm": "12px",\n                        "gutter": "24px"\n                    },\n                    
"fontFamily": {\n                        "headline-sm": ["Montserrat"],\n                        "headline-lg": 
["Montserrat"],\n                        "display-lg-mobile": ["Montserrat"],\n                        "label-lg": 
["Inter"],\n                        "headline-md": ["Montserrat"],\n                        "body-md": ["Inter"],\n    
                    "body-lg": ["Inter"],\n                        "body-sm": ["Inter"],\n                        
"label-md": ["Inter"],\n                        "display-lg": ["Montserrat"]\n                    },\n                 
   "fontSize": {\n                        "headline-sm": ["20px", { "lineHeight": "1.4", "fontWeight": "600" }],\n     
                   "headline-lg": ["32px", { "lineHeight": "1.2", "fontWeight": "700" }],\n                        
"display-lg-mobile": ["36px", { "lineHeight": "1.2", "fontWeight": "700" }],\n                        "label-lg": 
["14px", { "lineHeight": "1.2", "letterSpacing": "0.05em", "fontWeight": "600" }],\n                        
"headline-md": ["24px", { "lineHeight": "1.3", "fontWeight": "600" }],\n                        "body-md": ["16px", { 
"lineHeight": "1.6", "fontWeight": "400" }],\n                        "body-lg": ["18px", { "lineHeight": "1.6", 
"fontWeight": "400" }],\n                        "body-sm": ["14px", { "lineHeight": "1.5", "fontWeight": "400" }],\n  
                      "label-md": ["12px", { "lineHeight": "1.2", "fontWeight": "500" }],\n                        
"display-lg": ["56px", { "lineHeight": "1.1", "letterSpacing": "-0.02em", "fontWeight": "700" }]\n                    
}\n                }\n            }\n        }\n    </script>\n    <link rel="stylesheet" 
href="/static/css/styles.829db83d19f0.css"/>\n    \n</head>\n<body class="bg-surface text-on-surface font-body-md 
antialiased overflow-x-hidden pt-20">\n\n    <!-- TopNavBar -->\n    <nav class="bg-surface-white 
dark:bg-surface-container-lowest fixed top-0 w-full z-50 border-b border-border-subtle dark:border-outline-variant 
shadow-sm transition-all duration-300">\n        <div class="flex justify-between items-center px-gutter 
max-w-container-max mx-auto h-20">\n            <!-- Brand Logo -->\n            <a class="flex items-center gap-3 
font-headline-md text-headline-md font-bold text-primary dark:text-primary-fixed hover:scale-95 duration-200" 
href="/">\n                \n                <span>Viruksha Test</span>\n            </a>\n            <!-- Desktop 
Nav -->\n            <ul class="hidden md:flex items-center gap-8">\n                <li>\n                    <a 
class="nav-link font-label-lg text-label-lg text-on-surface-variant dark:text-on-surface hover:text-secondary 
hover:bg-surface-container-low px-2 py-1 rounded transition-all duration-300" href="/">\n                        
Home\n                    </a>\n                </li>\n                <li>\n                    <a class="nav-link 
font-label-lg text-label-lg text-on-surface-variant dark:text-on-surface hover:text-secondary 
hover:bg-surface-container-low px-2 py-1 rounded transition-all duration-300" href="/services/">\n                     
   Services\n                    </a>\n                </li>\n                <li>\n                    <a 
class="nav-link font-label-lg text-label-lg text-on-surface-variant dark:text-on-surface hover:text-secondary 
hover:bg-surface-container-low px-2 py-1 rounded transition-all duration-300" href="/products/">\n                     
   Products\n                    </a>\n                </li>\n                <li>\n                    <a 
class="nav-link font-label-lg text-label-lg text-on-surface-variant dark:text-on-surface hover:text-secondary 
hover:bg-surface-container-low px-2 py-1 rounded transition-all duration-300" href="/projects/">\n                     
   Projects\n                    </a>\n                </li>\n                <li>\n                    <a 
class="nav-link font-label-lg text-label-lg text-secondary border-b-2 border-secondary pb-1 transition-all 
duration-300" href="/enquiry/">\n                        Enquiry\n                    </a>\n                </li>\n    
        </ul>\n            <!-- Trailing Action -->\n            <div class="hidden md:block">\n                <a 
class="bg-secondary hover:bg-accent-hover text-surface-white font-label-lg text-label-lg px-6 py-3 rounded 
hover:scale-95 duration-200 transition-all shadow-md" href="/enquiry/">\n                    Get a Quote\n             
   </a>\n            </div>\n            <!-- Mobile Menu Toggle -->\n            <button id="mobile-menu-btn" 
class="md:hidden text-primary focus:outline-none">\n                <span class="material-symbols-outlined text-[28px] 
align-middle">menu</span>\n            </button>\n        </div>\n    </nav>\n\n    <!-- Mobile Nav Drawer -->\n    
<div id="mobile-nav-drawer" class="fixed inset-0 z-50 transform translate-x-full transition-transform duration-300 
ease-in-out md:hidden">\n        <!-- Backdrop -->\n        <div id="mobile-nav-backdrop" class="absolute inset-0 
bg-primary/40 backdrop-blur-sm"></div>\n        <!-- Drawer Content -->\n        <div class="absolute right-0 top-0 
h-full w-64 bg-surface-white dark:bg-surface-container-lowest shadow-2xl p-6 flex flex-col">\n            <div 
class="flex justify-between items-center mb-8">\n                <a class="flex items-center gap-2 font-headline-sm 
text-headline-sm font-bold text-primary" href="/">\n                    \n                    <span>Viruksha 
Test</span>\n                </a>\n                <button id="mobile-menu-close" class="text-primary 
focus:outline-none">\n                    <span class="material-symbols-outlined text-[28px]">close</span>\n           
     </button>\n            </div>\n            <ul class="flex flex-col gap-6 mb-8">\n                <li>\n          
          <a class="font-label-lg text-label-lg block py-2 border-b border-border-subtle text-on-surface-variant" 
href="/">\n                        Home\n                    </a>\n                </li>\n                <li>\n       
             <a class="font-label-lg text-label-lg block py-2 border-b border-border-subtle text-on-surface-variant" 
href="/services/">\n                        Services\n                    </a>\n                </li>\n                
<li>\n                    <a class="font-label-lg text-label-lg block py-2 border-b border-border-subtle 
text-on-surface-variant" href="/products/">\n                        Products\n                    </a>\n              
  </li>\n                <li>\n                    <a class="font-label-lg text-label-lg block py-2 border-b 
border-border-subtle text-on-surface-variant" href="/projects/">\n                        Projects\n                   
 </a>\n                </li>\n                <li>\n                    <a class="font-label-lg text-label-lg block 
py-2 border-b border-border-subtle text-secondary" href="/enquiry/">\n                        Enquiry\n                
    </a>\n                </li>\n            </ul>\n            <a class="w-full text-center bg-secondary 
hover:bg-accent-hover text-surface-white font-label-lg text-label-lg py-3 rounded shadow-md mt-auto" 
href="/enquiry/">\n                Get a Quote\n            </a>\n        </div>\n    </div>\n\n    <!-- Main Content 
-->\n    <main>\n        \n<!-- Page Header Banner -->\n<section class="bg-primary py-lg w-full text-surface-white">\n 
   <div class="max-w-container-max mx-auto px-gutter text-center md:text-left">\n        <h1 class="font-headline-lg 
text-headline-lg mb-xs">Get In Touch</h1>\n        <div class="w-16 h-1 bg-[#d4942a] mb-md mx-auto md:mx-0"></div>\n   
     <nav class="font-label-md text-label-md text-primary-fixed-dim flex items-center justify-center md:justify-start 
gap-xs">\n            <a class="hover:text-surface-white transition-colors" href="/">Home</a>\n            <span 
class="material-symbols-outlined text-[14px]">chevron_right</span>\n            <span class="text-surface-white 
font-medium">Enquiry</span>\n        </nav>\n    </div>\n</section>\n\n<!-- Main Content Area: Form & Contact Info 
-->\n<section class="max-w-container-max mx-auto px-gutter py-xl">\n    <div class="flex flex-col lg:flex-row 
gap-lg">\n        \n        <!-- Left Column: Enquiry Form (70%) -->\n        <div class="w-full lg:w-[70%]">\n        
    <div class="bg-surface-white rounded-xl shadow-md p-6 md:p-8 border border-border-subtle hover:-translate-y-1 
hover:shadow-lg transition-all duration-300">\n                <div class="mb-6">\n                    <h2 
class="font-headline-md text-headline-md text-primary mb-2">Send us a message</h2>\n                    <p 
class="font-body-md text-body-md text-on-surface-variant">We\'d love to hear from you. Please fill out the form below 
and we will get back to you shortly.</p>\n                </div>\n                \n                \n                 
   <!-- Success State Card -->\n                    <div class="bg-emerald-50 border border-emerald-200 rounded-lg p-6 
text-center my-6 shadow-sm">\n                        <span class="material-symbols-outlined text-[48px] 
text-emerald-600 mb-2">check_circle</span>\n                        <h3 class="font-headline-sm text-headline-sm 
text-emerald-800 mb-1">Thank You!</h3>\n                        <p class="font-body-md text-body-md 
text-emerald-700">\n                            We\'ve received your enquiry and will get back to you within 24 
hours.\n                        </p>\n                    </div>\n                \n\n                <form 
method="post" class="space-y-6" id="enquiry-form">\n                    <input type="hidden" 
name="csrfmiddlewaretoken" value="2heGH1YWs7IKcOO61QRWxtqPKC2ne69HsorYh9tGUxcE93dp6qniH8Zlf0SGM8Q0">\n                 
   \n                    \n\n                    <div class="grid grid-cols-1 md:grid-cols-2 gap-6">\n                 
       <!-- Full Name -->\n                        <div>\n                            <label class="block 
font-label-md text-label-md text-primary mb-2" for="id_name">Full Name *</label>\n                            <input 
type="text" name="name" class="w-full px-4 py-3 border border-border-subtle rounded focus:outline-none 
focus:border-secondary focus:ring-1 focus:ring-secondary" placeholder="Enter your full name" maxlength="150" required 
id="id_name">\n                            \n                        </div>\n                        \n                
        <!-- Email -->\n                        <div>\n                            <label class="block font-label-md 
text-label-md text-primary mb-2" for="id_email">Email Address *</label>\n                            <input 
type="email" name="email" class="w-full px-4 py-3 border border-border-subtle rounded focus:outline-none 
focus:border-secondary focus:ring-1 focus:ring-secondary" placeholder="Enter your email address" maxlength="254" 
required id="id_email">\n                            \n                        </div>\n                        \n      
                  <!-- Phone -->\n                        <div>\n                            <label class="block 
font-label-md text-label-md text-primary mb-2" for="id_phone">Phone Number *</label>\n                            
<input type="text" name="phone" class="w-full px-4 py-3 border border-border-subtle rounded focus:outline-none 
focus:border-secondary focus:ring-1 focus:ring-secondary" placeholder="Enter your phone number" maxlength="20" 
required id="id_phone">\n                            \n                        </div>\n                        \n      
                  <!-- Company Name -->\n                        <div>\n                            <label 
class="block font-label-md text-label-md text-primary mb-2" for="id_company_name">Company Name</label>\n               
             <input type="text" name="company_name" class="w-full px-4 py-3 border border-border-subtle rounded 
focus:outline-none focus:border-secondary focus:ring-1 focus:ring-secondary" placeholder="Enter your company name 
(optional)" maxlength="200" id="id_company_name">\n                            \n                        </div>\n      
              </div>\n                    \n                    <!-- Requirement Type -->\n                    <div>\n 
                       <label class="block font-label-md text-label-md text-primary mb-2" 
for="id_service_type">Requirement Type *</label>\n                        <select name="service_type" class="w-full 
px-4 py-3 border border-border-subtle rounded focus:outline-none focus:border-secondary focus:ring-1 
focus:ring-secondary bg-surface-white" id="id_service_type">\n  <option value="MATERIAL">Construction Material 
Supply</option>\n\n  <option value="CONSTRUCTION">Construction Services</option>\n\n  <option value="PRODUCT">Product 
Enquiry</option>\n\n  <option value="BOTH" selected>Both / General Enquiry</option>\n\n</select>\n                     
   \n                    </div>\n                    \n                    <!-- Subject -->\n                    
<div>\n                        <label class="block font-label-md text-label-md text-primary mb-2" 
for="id_subject">Subject *</label>\n                        <input type="text" name="subject" class="w-full px-4 py-3 
border border-border-subtle rounded focus:outline-none focus:border-secondary focus:ring-1 focus:ring-secondary" 
placeholder="Brief subject of your enquiry" maxlength="300" required id="id_subject">\n                        \n      
              </div>\n                    \n                    <!-- Message -->\n                    <div>\n          
              <div class="flex justify-between items-center mb-2">\n                            <label class="block 
font-label-md text-label-md text-primary" for="id_message">Message *</label>\n                            <span 
id="char-counter" class="text-xs text-on-surface-variant font-medium">0 / 2000 chars</span>\n                        
</div>\n                        <textarea name="message" cols="40" rows="5" class="w-full px-4 py-3 border 
border-border-subtle rounded focus:outline-none focus:border-secondary focus:ring-1 focus:ring-secondary" 
placeholder="Describe your project requirements or material needs in detail..." required 
id="id_message">\n</textarea>\n                        \n                    </div>\n                    \n            
        <button type="submit" class="w-full bg-[#d4942a] hover:bg-[#b87f21] text-surface-white font-label-lg 
text-label-lg py-3 rounded transition-colors shadow font-bold hover:scale-[0.99] duration-150">\n                      
  Submit Enquiry\n                    </button>\n                </form>\n            </div>\n        </div>\n\n       
 <!-- Right Column: Contact Info Sidebar (30%) -->\n        <div class="w-full lg:w-[30%] space-y-6">\n            
<!-- Contact details card -->\n            <div class="bg-primary text-surface-white rounded-xl shadow-md p-6 border 
border-primary/20">\n                <h3 class="font-headline-sm text-headline-sm mb-4">Contact Info</h3>\n            
    <div class="w-12 h-1 bg-[#d4942a] mb-6"></div>\n                \n                <ul class="space-y-6 
font-body-sm text-body-sm">\n                    <li class="flex items-start gap-3">\n                        <span 
class="material-symbols-outlined text-[#d4942a] text-[20px] mt-0.5">phone</span>\n                        <div>\n      
                      <span class="block text-primary-fixed-dim uppercase tracking-wider text-xs font-semibold">Call 
Us</span>\n                            <span class="text-base font-medium">+91 99999 88888</span>\n                    
    </div>\n                    </li>\n                    <li class="flex items-start gap-3">\n                       
 <span class="material-symbols-outlined text-[#d4942a] text-[20px] mt-0.5">mail</span>\n                        
<div>\n                            <span class="block text-primary-fixed-dim uppercase tracking-wider text-xs 
font-semibold">Email Address</span>\n                            <span class="text-base font-medium 
break-all">test@viruksha.com</span>\n                        </div>\n                    </li>\n                    
<li class="flex items-start gap-3">\n                        <span class="material-symbols-outlined text-[#d4942a] 
text-[20px] mt-0.5">location_on</span>\n                        <div>\n                            <span class="block 
text-primary-fixed-dim uppercase tracking-wider text-xs font-semibold">Office Address</span>\n                         
   <span class="text-sm font-medium leading-relaxed">Test Address, Chennai</span>\n                        </div>\n    
                </li>\n                </ul>\n            </div>\n\n            <!-- Google Maps iframe card -->\n     
       <div class="bg-surface-white rounded-xl shadow-md overflow-hidden border border-border-subtle aspect-square 
max-h-[350px]">\n                \n                    <!-- Placeholder iframe -->\n                    <iframe src="ht
tps://www.google.com/maps/embed?pb=!1m18!1m12!1m3!1d3886.2847623910375!2d80.2078651759246!3d13.081125212479532!2m3!1f0!
2f0!3f0!3m2!1i1024!2i768!4f13.1!3m3!1m2!1s0x3a5266e2c3b88bdf%3A0x10f78546ec84d852!2sChennai%2C%20Tamil%20Nadu!5e0!3m2!1
sen!2sin!4v1719602410531!5m2!1sen!2sin" \n                            class="w-full h-full border-0" 
allowfullscreen="" loading="lazy" referrerpolicy="no-referrer-when-downgrade"></iframe>\n                \n            
</div>\n        </div>\n\n    </div>\n</section>\n\n<!-- Frontend Validation & Char Counter JS -->\n<script>\n    
document.addEventListener(\'DOMContentLoaded\', () => {\n        const textarea = 
document.querySelector(\'textarea[name="message"]\');\n        const counter = 
document.getElementById(\'char-counter\');\n        \n        if (textarea && counter) {\n            const maxChars = 
2000;\n            textarea.setAttribute(\'maxlength\', maxChars);\n            \n            
textarea.addEventListener(\'input\', () => {\n                const len = textarea.value.length;\n                
counter.textContent = `${len} / ${maxChars} chars`;\n                if (len >= maxChars - 100) {\n                    
counter.classList.add(\'text-red-500\');\n                } else {\n                    
counter.classList.remove(\'text-red-500\');\n                }\n            });\n        }\n    });\n</script>\n\n    
</main>\n\n    <!-- Footer -->\n    <footer class="bg-primary dark:bg-primary-container w-full py-xl 
text-surface-white mt-auto">\n        <div class="max-w-container-max mx-auto px-gutter grid grid-cols-1 
md:grid-cols-4 gap-gutter">\n            <div class="col-span-1 md:col-span-2">\n                <span 
class="font-headline-sm text-headline-sm font-bold text-surface-white flex items-center gap-3 mb-4">\n                 
   \n                    <span>Viruksha Test</span>\n                </span>\n                <p class="font-body-sm 
text-body-sm text-on-primary-container dark:text-primary-fixed-dim max-w-sm mb-6 opacity-85">\n                    
Building the future with structural integrity and modern architectural excellence.\n                </p>\n             
   <div class="flex gap-4">\n                    \n                    \n                    \n                
</div>\n            </div>\n            <div>\n                <h4 class="font-label-lg text-label-lg 
text-surface-white uppercase tracking-wider mb-4">Quick Links</h4>\n                <ul class="flex flex-col gap-2">\n 
                   <li><a class="font-body-sm text-body-sm text-on-primary-container dark:text-primary-fixed-dim 
hover:text-secondary transition-colors" href="/">Home</a></li>\n                    <li><a class="font-body-sm 
text-body-sm text-on-primary-container dark:text-primary-fixed-dim hover:text-secondary transition-colors" 
href="/services/">Services</a></li>\n                    <li><a class="font-body-sm text-body-sm 
text-on-primary-container dark:text-primary-fixed-dim hover:text-secondary transition-colors" 
href="/products/">Products</a></li>\n                    <li><a class="font-body-sm text-body-sm 
text-on-primary-container dark:text-primary-fixed-dim hover:text-secondary transition-colors" 
href="/projects/">Projects</a></li>\n                    <li><a class="font-body-sm text-body-sm 
text-on-primary-container dark:text-primary-fixed-dim hover:text-secondary transition-colors" 
href="/enquiry/">Enquiry</a></li>\n                </ul>\n            </div>\n            <div>\n                <h4 
class="font-label-lg text-label-lg text-surface-white uppercase tracking-wider mb-4">Contact Details</h4>\n            
    <ul class="flex flex-col gap-2 font-body-sm text-body-sm text-on-primary-container dark:text-primary-fixed-dim 
opacity-90">\n                    <li class="flex items-start gap-2">\n                        <span 
class="material-symbols-outlined text-[18px] text-secondary mt-0.5">phone</span>\n                        <span>+91 
99999 88888</span>\n                    </li>\n                    <li class="flex items-start gap-2">\n               
         <span class="material-symbols-outlined text-[18px] text-secondary mt-0.5">mail</span>\n                       
 <span class="break-all">test@viruksha.com</span>\n                    </li>\n                    <li class="flex 
items-start gap-2">\n                        <span class="material-symbols-outlined text-[18px] text-secondary 
mt-0.5">location_on</span>\n                        <span>Test Address, Chennai</span>\n                    </li>\n    
            </ul>\n            </div>\n        </div>\n        <div class="max-w-container-max mx-auto px-gutter mt-12 
pt-6 border-t border-border-subtle/20 text-center">\n            <p class="font-body-sm text-body-sm 
text-on-primary-container dark:text-primary-fixed-dim opacity-70">\n                &copy; 2026 Viruksha Test. All 
rights reserved.\n            </p>\n        </div>\n    </footer>\n    \n    <script 
src="/static/js/main.85b304bab6e4.js"></script>\n    \n</body>\n</html>\n'

----------------------------------------------------------------------
Ran 7 tests in 0.394s

FAILED (failures=1)
Destroying test database for alias 'default'...

Found 7 test(s).
System check identified no issues (0 silenced).
